---
source: src/adapters/tui/widgets/dashboards.rs
expression: terminal.backend()
---
"┌Charts────────────────────────────────────────────────────┐"
"│completed                    ┌Duration───────────────────┐│"
"│█████████████████ 2 (67%)    │avg 150 ms                 ││"
"│                             │p50 150 ms                 ││"
"│failed                       │p95 195 ms                 ││"
"│█████████ 1 (33%)            │ █                         ││"
"│                             │ █                         ││"
"│                             │██                         ││"
"│                             │██                         ││"
"│                             │███                        ││"
"│                             │███                        ││"
"│                             │███                        ││"
"│                             │███                        ││"
"│                             └───────────────────────────┘│"
"└──────────────────────────────────────────────────────────┘"
