---
source: src/adapters/tui/widgets/loading.rs
expression: terminal.backend()
---
"┌Loading─────────────────────────────────────────┐"
"│            ⠁ Loading environment...            │"
"│                  Please wait.                  │"
"│                                                │"
"│                                                │"
"│                                                │"
"│                                                │"
"└────────────────────────────────────────────────┘"
