---
source: src/adapters/tui/widgets/envs.rs
assertion_line: 190
expression: terminal.backend()
---
"┌Environments──────────────────────────────────────────────────────────────────┐"
"│┌Status──────────────────────────────────────────────────────────────────────┐│"
"││Dir: /tmp/omakure_envs_snapshot_with_files/.omakure/envs                    ││"
"││Active: <none>                                                              ││"
"││Defaults: 0                                                                 ││"
"│└────────────────────────────────────────────────────────────────────────────┘│"
"│┌Files────────────────────────────────┐┌Preview──────────────────────────────┐│"
"││>   dev.conf                         ││HOST=localhost                       ││"
"││    prod.conf                        ││PORT=3000                            ││"
"││                                     ││                                     ││"
"││                                     ││                                     ││"
"│└─────────────────────────────────────┘└─────────────────────────────────────┘│"
"│n create, e edit param, Enter activate, d deactivate, x/delete remove, r reloa│"
"│                                                                              │"
"└──────────────────────────────────────────────────────────────────────────────┘"
