---
source: src/adapters/tui/widgets/schema.rs
expression: terminal.backend()
---
"┌Schema────────────────────────────────────────────────────┐"
"│Select a script to preview its schema.                    │"
"│                                                          │"
"│                                                          │"
"│                                                          │"
"│                                                          │"
"│                                                          │"
"└──────────────────────────────────────────────────────────┘"
