---
source: src/adapters/tui/widgets/dashboards.rs
expression: terminal.backend()
---
"┌Top runs──────────────────────────────┐┌Runs by status────────────────────────┐"
"│deploy.sh                             ││running                               │"
"│████████████████████████████████ 3    ││█████████ 1 (20%)                     │"
"│                                      ││                                      │"
"│setup.sh                              ││completed                             │"
"│██████████████████████ 2              ││██████████████████████████ 3 (60%)    │"
"│                                      ││                                      │"
"│                                      ││failed                                │"
"│                                      ││█████████ 1 (20%)                     │"
"│                                      ││                                      │"
"│                                      ││                                      │"
"│                                      ││                                      │"
"└──────────────────────────────────────┘└──────────────────────────────────────┘"
"┌Per script: deploy.sh─────────────────────────────────────────────────────────┐"
"│completed                              ┌Duration─────────────────────────────┐│"
"│███████████████████████████ 2 (67%)    │avg 150 ms                           ││"
"│                                       │p50 150 ms                           ││"
"│failed                                 │p95 195 ms                           ││"
"│██████████████ 1 (33%)                 │ █                                   ││"
"│                                       │██                                   ││"
"│                                       │███                                  ││"
"│                                       │███                                  ││"
"│                                       └─────────────────────────────────────┘│"
"└──────────────────────────────────────────────────────────────────────────────┘"
