---
source: src/adapters/tui/widgets/dashboards.rs
expression: terminal.backend()
---
"┌Activity  [Week]──────────────────────────────────────────┐"
"│                                                          │"
"│          Mon   Tue   Wed   Thu   Fri   Sat   Sun         │"
"│        ┌─────┬─────┬─────┬─────┬─────┬─────┬─────┐       │"
"│        │     │     │     │     │     │     │     │       │"
"│        │     │     │     │     │     │     │     │       │"
"│        └─────┴─────┴─────┴─────┴─────┴─────┴─────┘       │"
"│                                                          │"
"│█ ok 0  █ fail 0  █ live 0  □ none    Tab: next period    │"
"└──────────────────────────────────────────────────────────┘"
"┌State & duration──────────────────────────────────────────┐"
"│completed                    ┌Duration───────────────────┐│"
"│█████████████████ 2 (67%)    │▆█▄                        ││"
"│                             └───────────────────────────┘│"
"└──────────────────────────────────────────────────────────┘"
