---
source: src/adapters/tui/widgets/envs.rs
assertion_line: 285
expression: terminal.backend()
---
"┌Environments──────────────────────────────────────────────────────────────────┐"
"│┌Status──────────────────────────────────────────────────────────────────────┐│"
"││Dir: /tmp/omakure_envs_snapshot_empty/.omakure/envs                         ││"
"││Active: <none>                                                              ││"
"││Defaults: 0                                                                 ││"
"│└────────────────────────────────────────────────────────────────────────────┘│"
"│┌Files────────────────────────────────┐┌Preview──────────────────────────────┐│"
"││No environment files found.          ││No environment files found.          ││"
"│└─────────────────────────────────────┘└─────────────────────────────────────┘│"
"│n create, e edit param, Enter activate, d deactivate, x/delete remove, r reloa│"
"│                                                                              │"
"└──────────────────────────────────────────────────────────────────────────────┘"
