---
source: src/adapters/tui/widgets/running.rs
expression: terminal.backend()
---
"┌Executing───────────────────────────────────────┐"
"│               ⡀ Running script...              │"
"│                                                │"
"│                Script: deploy.sh               │"
"│               Args: --target prod              │"
"│                                                │"
"│                  Please wait.                  │"
"│                                                │"
"│                                                │"
"└────────────────────────────────────────────────┘"
