---
source: src/adapters/tui/widgets/scripts.rs
expression: terminal.backend()
---
"┌Entries─────────────────────────────────────────┐"
"│No scripts or folders found.                    │"
"│Directory: .                                    │"
"│Add scripts or folders and press r to refresh.  │"
"│                                                │"
"│                                                │"
"│                                                │"
"└────────────────────────────────────────────────┘"
