---
source: src/adapters/tui/widgets/schema.rs
expression: terminal.backend()
---
"┌Schema────────────────────────────────────────────────────┐"
"│Name: Simple                                              │"
"│                                                          │"
"│(no fields)                                               │"
"│                                                          │"
"│                                                          │"
"│                                                          │"
"│                                                          │"
"│                                                          │"
"└──────────────────────────────────────────────────────────┘"
